Read 4340 babies. Starting year 1920. Each baby has 100 entries.
KATHLYN
Baby name [KATHLYN] was not found
